2026-07-31 13:06:44.417 - Info	
Extracting C:\GitHub\app_pulse\baseline\exported\2026-07-31\baseline_pulse_1_0_0_2.zip to C:\GitHub\app_pulse\power-platform\working-baselines\1.0.0.2\solution

2026-07-31 13:06:44.724 - Info	Skipping localization
2026-07-31 13:06:44.727 - Info	Processing Component: Workflows
2026-07-31 13:06:44.729 - Info	 - DIM_MASTER_COMPANIES_LH
2026-07-31 13:06:44.752 - Info	 - Warroom_AddComment
2026-07-31 13:06:44.755 - Info	 - WarRoom_Admin_Roles_Get
2026-07-31 13:06:44.758 - Info	 - WarRoom_Admin_User_Upsert
2026-07-31 13:06:44.762 - Info	 - WarRoom_Admin_UserProjectRole_Upsert
2026-07-31 13:06:44.765 - Info	 - WarRoom_Admin_Users_Get
2026-07-31 13:06:44.769 - Info	 - WarRoom_AttentionQueue_Add
2026-07-31 13:06:44.772 - Info	 - WarRoom_AttentionQueue_GetActive
2026-07-31 13:06:44.775 - Info	 - WarRoom_AttentionQueue_GetHistory
2026-07-31 13:06:44.779 - Info	 - WarRoom_AttentionQueue_Move
2026-07-31 13:06:44.782 - Info	 - WarRoom_AttentionQueue_Remove
2026-07-31 13:06:44.786 - Info	 - WarRoom_AttentionQueue_SearchSubsystems
2026-07-31 13:06:44.789 - Info	 - WarRoom_AttentionQueue_UpdateReason
2026-07-31 13:06:44.793 - Info	 - WarRoom_DailyBriefing_CreateDraft
2026-07-31 13:06:44.797 - Info	 - WarRoom_DailyBriefing_GetData
2026-07-31 13:06:44.801 - Info	 - Warroom_DeleteComment
2026-07-31 13:06:44.805 - Info	 - WarRoom_EnabledProjects_Enable
2026-07-31 13:06:44.809 - Info	 - WarRoom_EnabledProjects_GetActive
2026-07-31 13:06:44.814 - Info	 - Warroom_ExportPunchesToExcel
2026-07-31 13:06:44.818 - Info	 - Warroom_ExportPunchesToExcel_Codex
2026-07-31 13:06:44.847 - Info	 - Warroom_FilterOptions_Disciplines
2026-07-31 13:06:44.851 - Info	 - Warroom_FilterOptions_Subcontractors
2026-07-31 13:06:44.855 - Info	 - Warroom_FilterOptions_Subsystems
2026-07-31 13:06:44.858 - Info	 - warroom_GenerateOverviewSnapshot
2026-07-31 13:06:44.864 - Info	 - Warroom_GetCommentsPaged
2026-07-31 13:06:44.869 - Info	 - Warroom_GetCustom
2026-07-31 13:06:44.873 - Info	 - WarRoom_GetCustomBundle
2026-07-31 13:06:44.880 - Info	 - Warroom_GetHiveNodesByDiscipline
2026-07-31 13:06:44.883 - Info	 - Warroom_GetOverviewSnapshot
2026-07-31 13:06:44.887 - Info	 - Warroom_GetPendingSubsystemsByDiscipline
2026-07-31 13:06:44.893 - Info	 - Warroom_GetProjectPunchTemplates
2026-07-31 13:06:45.023 - Info	 - warroom_GetPunchDashboardBundle
2026-07-31 13:06:45.027 - Info	 - Warroom_GetPunchReportStatusConfig
2026-07-31 13:06:45.032 - Info	 - Warroom_GetTaskSummaryById
2026-07-31 13:06:45.035 - Info	 - WarRoom_Home_GetExecutiveDashboard
2026-07-31 13:06:45.040 - Info	 - WarRoom_Home_GetKPIs
2026-07-31 13:06:45.048 - Info	 - WarRoom_Home_GetProgressByDiscipline
2026-07-31 13:06:45.052 - Info	 - WarRoom_Home_GetStatusSummary
2026-07-31 13:06:45.056 - Info	 - WarRoom_Home_GetTopSubsystemsPending
2026-07-31 13:06:45.062 - Info	 - WarRoom_ListCustomFieldDefs
2026-07-31 13:06:45.085 - Info	 - WarRoom_Operations_GetCells
2026-07-31 13:06:45.154 - Info	 - WarRoom_Operations_RefreshCellCache
2026-07-31 13:06:45.157 - Info	 - WarRoom_Operations_UpsertCell
2026-07-31 13:06:45.166 - Info	 - Warroom_PHR_GetPage
2026-07-31 13:06:45.169 - Info	 - WarRoom_Projects_Search
2026-07-31 13:06:45.173 - Info	 - Warroom_Pulse_GetSubsystemSkyline
2026-07-31 13:06:45.178 - Info	 - Warroom_Punches_Filtered_Paged
2026-07-31 13:06:45.182 - Info	 - Warroom_Punches_GetFilterCatalogs
2026-07-31 13:06:45.185 - Info	 - Warroom_Punches_GetSubcontractors
2026-07-31 13:06:45.189 - Info	 - Warroom_Punches_GetSubsystems
2026-07-31 13:06:45.251 - Info	 - WarRoom_ReportConfig_AssignGroups
2026-07-31 13:06:45.288 - Info	 - WarRoom_ReportConfig_DeactivateNode
2026-07-31 13:06:45.305 - Info	 - Warroom_ReportConfig_GetAssignmentModalData
2026-07-31 13:06:45.309 - Info	 - WarRoom_ReportConfig_GetAssignments
2026-07-31 13:06:45.314 - Info	 - WarRoom_ReportConfig_GetScope
2026-07-31 13:06:45.318 - Info	 - WarRoom_ReportConfig_GetTree
2026-07-31 13:06:45.322 - Info	 - Warroom_ReportConfig_UnassignGroups
2026-07-31 13:06:45.325 - Info	 - WarRoom_ReportConfig_UpsertNode
2026-07-31 13:06:45.330 - Info	 - WarRoom_ReportDictionary_Get
2026-07-31 13:06:45.380 - Info	 - WarRoom_ReportDictionary_MapDebug
2026-07-31 13:06:45.384 - Info	 - WarRoom_SaveCustomBulk
2026-07-31 13:06:45.388 - Info	 - WarRoom_Security_IsSuperAdmin
2026-07-31 13:06:45.391 - Info	 - WarRoom_SetCustomFieldActive
2026-07-31 13:06:45.396 - Info	 - Warroom_SetPunchReportStatusIncluded
2026-07-31 13:06:45.400 - Info	 - Warroom_SetPunchTemplateIncluded
2026-07-31 13:06:45.405 - Info	 - Warroom_Tasks_Filtered_Paged
2026-07-31 13:06:45.411 - Info	 - Warroom_Tasks_GetFilterCatalogs
2026-07-31 13:06:45.416 - Info	 - WarRoom_UpsertCustomFieldDef
2026-07-31 13:06:45.535 - Info	 - Warrrom_SaveCustom
2026-07-31 13:06:45.673 - Info	Processing Component: CanvasApps
2026-07-31 13:06:45.680 - Info	 - new_pulse_9584c
2026-07-31 13:06:45.812 - Info	
Unmanaged Extract complete.

