2026-07-29 12:20:54.422 - Info	
Packing C:\Users\rseijo\OneDrive - Tecnicas Reunidas, S.A\Documentos\GitHub\app_pulse\power-platform\solutions\PULSE\pulse\obj\Release\Metadata to bin\Release\pulse.zip

2026-07-29 12:21:03.284 - Info	
Packing C:\Users\rseijo\OneDrive - Tecnicas Reunidas, S.A\Documentos\GitHub\app_pulse\power-platform\solutions\PULSE\pulse\obj\Release\Metadata to bin\Release\pulse.zip

2026-07-29 12:21:03.311 - Info	Processing Component: Entities
2026-07-29 12:21:03.316 - Info	Processing Component: Roles
2026-07-29 12:21:03.321 - Info	Processing Component: Workflows
2026-07-29 12:21:03.335 - Info	 - Warroom_ExportPunchesToExcel
2026-07-29 12:21:03.341 - Info	 - Warroom_ExportPunchesToExcel_Codex
2026-07-29 12:21:03.345 - Info	 - warroom_GetPunchDashboardBundle
2026-07-29 12:21:03.348 - Info	Processing Component: FieldSecurityProfiles
2026-07-29 12:21:03.349 - Info	Processing Component: Templates
2026-07-29 12:21:03.350 - Info	Processing Component: EntityMaps
2026-07-29 12:21:03.352 - Info	Processing Component: EntityRelationships
2026-07-29 12:21:03.354 - Info	Processing Component: OrganizationSettings
2026-07-29 12:21:03.354 - Info	Processing Component: optionsets
2026-07-29 12:21:03.355 - Info	Processing Component: CustomControls
2026-07-29 12:21:03.360 - Info	Processing Component: EntityDataProviders
2026-07-29 12:21:03.360 - Info	Processing Component: CanvasApps
2026-07-29 12:21:03.374 - Info	 - new_pulse_9584c
2026-07-29 12:21:03.400 - Info	Processing Sharded Component Files
2026-07-29 12:21:04.143 - Info	
Unmanaged Pack complete.

2026-07-29 12:22:40.713 - Info	
Packing C:\Users\rseijo\OneDrive - Tecnicas Reunidas, S.A\Documentos\GitHub\app_pulse\power-platform\solutions\PULSE\pulse\obj\Release\Metadata to bin\Release\pulse.zip

2026-07-29 12:22:40.754 - Info	Processing Component: Entities
2026-07-29 12:22:40.760 - Info	Processing Component: Roles
2026-07-29 12:22:40.764 - Info	Processing Component: Workflows
2026-07-29 12:22:40.777 - Info	 - Warroom_ExportPunchesToExcel
2026-07-29 12:22:40.784 - Info	 - Warroom_ExportPunchesToExcel_Codex
2026-07-29 12:22:40.788 - Info	 - warroom_GetPunchDashboardBundle
2026-07-29 12:22:40.795 - Info	Processing Component: FieldSecurityProfiles
2026-07-29 12:22:40.796 - Info	Processing Component: Templates
2026-07-29 12:22:40.797 - Info	Processing Component: EntityMaps
2026-07-29 12:22:40.798 - Info	Processing Component: EntityRelationships
2026-07-29 12:22:40.800 - Info	Processing Component: OrganizationSettings
2026-07-29 12:22:40.801 - Info	Processing Component: optionsets
2026-07-29 12:22:40.801 - Info	Processing Component: CustomControls
2026-07-29 12:22:40.805 - Info	Processing Component: EntityDataProviders
2026-07-29 12:22:40.806 - Info	Processing Component: CanvasApps
2026-07-29 12:22:40.821 - Info	 - new_pulse_9584c
2026-07-29 12:22:40.842 - Info	Processing Sharded Component Files
2026-07-29 12:22:41.449 - Info	
Unmanaged Pack complete.

2026-07-29 12:23:11.100 - Info	
Packing C:\Users\rseijo\OneDrive - Tecnicas Reunidas, S.A\Documentos\GitHub\app_pulse\power-platform\solutions\PULSE\pulse\obj\Release\Metadata to bin\Release\pulse.zip

2026-07-29 12:23:11.123 - Info	Processing Component: Entities
2026-07-29 12:23:11.127 - Info	Processing Component: Roles
2026-07-29 12:23:11.130 - Info	Processing Component: Workflows
2026-07-29 12:23:11.140 - Info	 - Warroom_ExportPunchesToExcel
2026-07-29 12:23:11.144 - Info	 - Warroom_ExportPunchesToExcel_Codex
2026-07-29 12:23:11.147 - Info	 - warroom_GetPunchDashboardBundle
2026-07-29 12:23:11.150 - Info	Processing Component: FieldSecurityProfiles
2026-07-29 12:23:11.151 - Info	Processing Component: Templates
2026-07-29 12:23:11.152 - Info	Processing Component: EntityMaps
2026-07-29 12:23:11.152 - Info	Processing Component: EntityRelationships
2026-07-29 12:23:11.153 - Info	Processing Component: OrganizationSettings
2026-07-29 12:23:11.153 - Info	Processing Component: optionsets
2026-07-29 12:23:11.153 - Info	Processing Component: CustomControls
2026-07-29 12:23:11.156 - Info	Processing Component: EntityDataProviders
2026-07-29 12:23:11.156 - Info	Processing Component: CanvasApps
2026-07-29 12:23:11.167 - Info	 - new_pulse_9584c
2026-07-29 12:23:11.186 - Info	Processing Sharded Component Files
2026-07-29 12:23:11.746 - Info	
Unmanaged Pack complete.

2026-07-29 12:26:08.311 - Info	
Packing C:\Users\rseijo\OneDrive - Tecnicas Reunidas, S.A\Documentos\GitHub\app_pulse\power-platform\solutions\PULSE\pulse\obj\Release\Metadata to bin\Release\pulse.zip

2026-07-29 12:26:08.335 - Info	Processing Component: Entities
2026-07-29 12:26:08.339 - Info	Processing Component: Roles
2026-07-29 12:26:08.342 - Info	Processing Component: Workflows
2026-07-29 12:26:08.351 - Info	 - Warroom_ExportPunchesToExcel
2026-07-29 12:26:08.355 - Info	 - Warroom_ExportPunchesToExcel_Codex
2026-07-29 12:26:08.358 - Info	 - warroom_GetPunchDashboardBundle
2026-07-29 12:26:08.361 - Info	Processing Component: FieldSecurityProfiles
2026-07-29 12:26:08.362 - Info	Processing Component: Templates
2026-07-29 12:26:08.362 - Info	Processing Component: EntityMaps
2026-07-29 12:26:08.362 - Info	Processing Component: EntityRelationships
2026-07-29 12:26:08.363 - Info	Processing Component: OrganizationSettings
2026-07-29 12:26:08.364 - Info	Processing Component: optionsets
2026-07-29 12:26:08.364 - Info	Processing Component: CustomControls
2026-07-29 12:26:08.366 - Info	Processing Component: EntityDataProviders
2026-07-29 12:26:08.367 - Info	Processing Component: CanvasApps
2026-07-29 12:26:08.376 - Info	 - new_pulse_9584c
2026-07-29 12:26:08.393 - Info	Processing Sharded Component Files
2026-07-29 12:26:08.825 - Info	
Unmanaged Pack complete.

2026-07-29 12:56:13.403 - Info	
Packing C:\Users\rseijo\OneDrive - Tecnicas Reunidas, S.A\Documentos\GitHub\app_pulse\power-platform\solutions\PULSE\pulse\obj\Release\Metadata to bin\Release\pulse.zip

2026-07-29 12:56:13.435 - Info	Processing Component: Entities
2026-07-29 12:56:13.439 - Info	Processing Component: Roles
2026-07-29 12:56:13.443 - Info	Processing Component: Workflows
2026-07-29 12:56:13.458 - Info	 - Warroom_ExportPunchesToExcel
2026-07-29 12:56:13.468 - Info	 - Warroom_ExportPunchesToExcel_Codex
2026-07-29 12:56:13.472 - Info	 - warroom_GetPunchDashboardBundle
2026-07-29 12:56:13.475 - Info	Processing Component: FieldSecurityProfiles
2026-07-29 12:56:13.476 - Info	Processing Component: Templates
2026-07-29 12:56:13.477 - Info	Processing Component: EntityMaps
2026-07-29 12:56:13.477 - Info	Processing Component: EntityRelationships
2026-07-29 12:56:13.478 - Info	Processing Component: OrganizationSettings
2026-07-29 12:56:13.478 - Info	Processing Component: optionsets
2026-07-29 12:56:13.479 - Info	Processing Component: CustomControls
2026-07-29 12:56:13.483 - Info	Processing Component: EntityDataProviders
2026-07-29 12:56:13.484 - Info	Processing Component: CanvasApps
2026-07-29 12:56:13.499 - Info	 - new_pulse_9584c
2026-07-29 12:56:13.522 - Info	Processing Sharded Component Files
2026-07-29 12:56:13.973 - Info	
Unmanaged Pack complete.

2026-07-30 15:37:14.412 - Info	
Packing C:\Users\rseijo\OneDrive - Tecnicas Reunidas, S.A\Documentos\GitHub\app_pulse\power-platform\build\PULSE\pulse\obj\Release\Metadata to bin\Release\pulse.zip

2026-07-30 15:37:39.814 - Info	
Packing C:\Users\rseijo\OneDrive - Tecnicas Reunidas, S.A\Documentos\GitHub\app_pulse\power-platform\build\PULSE\pulse\obj\Release\Metadata to bin\Release\pulse.zip

2026-07-30 15:37:39.943 - Info	Processing Component: Entities
2026-07-30 15:37:39.952 - Info	Processing Component: Roles
2026-07-30 15:37:39.960 - Info	Processing Component: Workflows
2026-07-30 15:37:40.295 - Info	 - Warroom_ExportPunchesToExcel
2026-07-30 15:37:40.588 - Info	 - Warroom_ExportPunchesToExcel_Codex
2026-07-30 15:37:40.784 - Info	 - warroom_GetPunchDashboardBundle
2026-07-30 15:37:41.047 - Info	Processing Component: FieldSecurityProfiles
2026-07-30 15:37:41.131 - Info	Processing Component: Templates
2026-07-30 15:37:41.132 - Info	Processing Component: EntityMaps
2026-07-30 15:37:41.133 - Info	Processing Component: EntityRelationships
2026-07-30 15:37:41.134 - Info	Processing Component: OrganizationSettings
2026-07-30 15:37:41.136 - Info	Processing Component: optionsets
2026-07-30 15:37:41.136 - Info	Processing Component: CustomControls
2026-07-30 15:37:41.141 - Info	Processing Component: EntityDataProviders
2026-07-30 15:37:41.141 - Info	Processing Component: CanvasApps
2026-07-30 15:37:42.097 - Info	 - new_pulse_9584c
2026-07-30 15:37:44.333 - Info	Processing Sharded Component Files
2026-07-30 15:37:47.936 - Info	
Unmanaged Pack complete.

