2026-08-03 09:25:35.894 - Info	
Packing C:\GitHub\app_pulse\power-platform\working-baselines\1.0.0.2\solution to C:\GitHub\app_pulse\artifacts\packages\pulse_baseline_1_0_0_2_unmanaged_20260803_092526.zip

2026-08-03 09:25:36.085 - Info	Processing Component: Entities
2026-08-03 09:25:36.102 - Info	Processing Component: Roles
2026-08-03 09:25:36.115 - Info	Processing Component: Workflows
2026-08-03 09:25:41.235 - Info	 - DIM_MASTER_COMPANIES_LH
2026-08-03 09:25:41.298 - Info	 - Warroom_AddComment
2026-08-03 09:25:41.349 - Info	 - WarRoom_Admin_Roles_Get
2026-08-03 09:25:41.414 - Info	 - WarRoom_Admin_User_Upsert
2026-08-03 09:25:41.500 - Info	 - WarRoom_Admin_UserProjectRole_Upsert
2026-08-03 09:25:41.599 - Info	 - WarRoom_Admin_Users_Get
2026-08-03 09:25:41.666 - Info	 - WarRoom_AttentionQueue_Add
2026-08-03 09:25:41.720 - Info	 - WarRoom_AttentionQueue_GetActive
2026-08-03 09:25:41.749 - Info	 - WarRoom_AttentionQueue_GetHistory
2026-08-03 09:25:41.800 - Info	 - WarRoom_AttentionQueue_Move
2026-08-03 09:25:41.848 - Info	 - WarRoom_AttentionQueue_Remove
2026-08-03 09:25:41.899 - Info	 - WarRoom_AttentionQueue_SearchSubsystems
2026-08-03 09:25:41.966 - Info	 - WarRoom_AttentionQueue_UpdateReason
2026-08-03 09:25:42.022 - Info	 - WarRoom_DailyBriefing_CreateDraft
2026-08-03 09:25:42.066 - Info	 - WarRoom_DailyBriefing_GetData
2026-08-03 09:25:42.128 - Info	 - Warroom_DeleteComment
2026-08-03 09:25:42.183 - Info	 - WarRoom_EnabledProjects_Enable
2026-08-03 09:25:42.228 - Info	 - WarRoom_EnabledProjects_GetActive
2026-08-03 09:25:42.265 - Info	 - Warroom_ExportPunchesToExcel
2026-08-03 09:25:42.316 - Info	 - Warroom_ExportPunchesToExcel_Codex
2026-08-03 09:25:42.367 - Info	 - Warroom_FilterOptions_Disciplines
2026-08-03 09:25:42.452 - Info	 - Warroom_FilterOptions_Subcontractors
2026-08-03 09:25:42.508 - Info	 - Warroom_FilterOptions_Subsystems
2026-08-03 09:25:42.563 - Info	 - warroom_GenerateOverviewSnapshot
2026-08-03 09:25:42.616 - Info	 - Warroom_GetCommentsPaged
2026-08-03 09:25:42.688 - Info	 - Warroom_GetCustom
2026-08-03 09:25:42.742 - Info	 - WarRoom_GetCustomBundle
2026-08-03 09:25:42.799 - Info	 - Warroom_GetHiveNodesByDiscipline
2026-08-03 09:25:42.847 - Info	 - Warroom_GetOverviewSnapshot
2026-08-03 09:25:42.900 - Info	 - Warroom_GetPendingSubsystemsByDiscipline
2026-08-03 09:25:42.969 - Info	 - Warroom_GetProjectPunchTemplates
2026-08-03 09:25:43.016 - Info	 - warroom_GetPunchDashboardBundle
2026-08-03 09:25:43.099 - Info	 - Warroom_GetPunchReportStatusConfig
2026-08-03 09:25:43.175 - Info	 - Warroom_GetTaskSummaryById
2026-08-03 09:25:43.263 - Info	 - WarRoom_Home_GetExecutiveDashboard
2026-08-03 09:25:43.333 - Info	 - WarRoom_Home_GetKPIs
2026-08-03 09:25:43.395 - Info	 - WarRoom_Home_GetProgressByDiscipline
2026-08-03 09:25:43.465 - Info	 - WarRoom_Home_GetStatusSummary
2026-08-03 09:25:43.540 - Info	 - WarRoom_Home_GetTopSubsystemsPending
2026-08-03 09:25:43.624 - Info	 - WarRoom_ListCustomFieldDefs
2026-08-03 09:25:43.696 - Info	 - WarRoom_Operations_GetCells
2026-08-03 09:25:43.752 - Info	 - WarRoom_Operations_RefreshCellCache
2026-08-03 09:25:43.824 - Info	 - WarRoom_Operations_UpsertCell
2026-08-03 09:25:43.893 - Info	 - Warroom_PHR_GetPage
2026-08-03 09:25:44.000 - Info	 - WarRoom_Projects_Search
2026-08-03 09:25:44.068 - Info	 - Warroom_Pulse_GetSubsystemSkyline
2026-08-03 09:25:44.167 - Info	 - Warroom_Punches_Filtered_Paged
2026-08-03 09:25:44.262 - Info	 - Warroom_Punches_GetFilterCatalogs
2026-08-03 09:25:44.313 - Info	 - Warroom_Punches_GetSubcontractors
2026-08-03 09:25:44.363 - Info	 - Warroom_Punches_GetSubsystems
2026-08-03 09:25:44.403 - Info	 - WarRoom_ReportConfig_AssignGroups
2026-08-03 09:25:44.455 - Info	 - WarRoom_ReportConfig_DeactivateNode
2026-08-03 09:25:44.519 - Info	 - Warroom_ReportConfig_GetAssignmentModalData
2026-08-03 09:25:44.585 - Info	 - WarRoom_ReportConfig_GetAssignments
2026-08-03 09:25:44.717 - Info	 - WarRoom_ReportConfig_GetScope
2026-08-03 09:25:44.800 - Info	 - WarRoom_ReportConfig_GetTree
2026-08-03 09:25:44.866 - Info	 - Warroom_ReportConfig_UnassignGroups
2026-08-03 09:25:44.923 - Info	 - WarRoom_ReportConfig_UpsertNode
2026-08-03 09:25:44.966 - Info	 - WarRoom_ReportDictionary_Get
2026-08-03 09:25:45.012 - Info	 - WarRoom_ReportDictionary_MapDebug
2026-08-03 09:25:45.072 - Info	 - WarRoom_SaveCustomBulk
2026-08-03 09:25:45.120 - Info	 - WarRoom_Security_IsSuperAdmin
2026-08-03 09:25:45.176 - Info	 - WarRoom_SetCustomFieldActive
2026-08-03 09:25:45.242 - Info	 - Warroom_SetPunchReportStatusIncluded
2026-08-03 09:25:45.287 - Info	 - Warroom_SetPunchTemplateIncluded
2026-08-03 09:25:45.354 - Info	 - Warroom_Tasks_Filtered_Paged
2026-08-03 09:25:45.416 - Info	 - Warroom_Tasks_GetFilterCatalogs
2026-08-03 09:25:45.502 - Info	 - WarRoom_UpsertCustomFieldDef
2026-08-03 09:25:45.563 - Info	 - Warrrom_SaveCustom
2026-08-03 09:25:45.636 - Info	Processing Component: FieldSecurityProfiles
2026-08-03 09:25:45.638 - Info	Processing Component: Templates
2026-08-03 09:25:45.645 - Info	Processing Component: EntityMaps
2026-08-03 09:25:45.652 - Info	Processing Component: EntityRelationships
2026-08-03 09:25:45.662 - Info	Processing Component: OrganizationSettings
2026-08-03 09:25:45.668 - Info	Processing Component: optionsets
2026-08-03 09:25:45.672 - Info	Processing Component: CustomControls
2026-08-03 09:25:45.682 - Info	Processing Component: EntityDataProviders
2026-08-03 09:25:45.682 - Info	Processing Component: CanvasApps
2026-08-03 09:25:45.812 - Info	 - new_pulse_9584c
2026-08-03 09:25:45.920 - Info	Processing Sharded Component Files
2026-08-03 09:25:46.868 - Info	
Unmanaged Pack complete.

